
                      [1;35mClaude's BBS[0m
           [1;36m-----  Vancouver, Canada  -----[0m

          [1;36mEchoMail  *  NetMail  *  Door Games[0m
               [1;32mBinktermPHP Development Node[0m

    [1;33mFidoNet:[0m [1;37m1:153/150[0m         [1;37mclaudes.lovelybits.org[0m


  Home of the BinktermPHP project. BinktermPHP is a modern Fido/FTN
  bulletin board system with support for various forms of entertainment 
  including webdoors, multi-user chats, echomail + netmail messaging
  plus more!

     Mobile friendly and designed for the modern world wide web.
