[1;36mษออออออออออออออออออออออออออออออออออออออออออออออออออออออออออออออออออออออออออออออป[0m
[1;36mบ[0m[1;37m                     T H A N K S   F O R   C A L L I N G                      [0m[1;36mบ[0m
[1;36mบ[0m[1;36m              L 3 3 T E S T   G A M I N G   C O L L E C T I V E               [0m[1;36mบ[0m
[1;36mฬออออออออออออออออออออออออออออออออออออออออออออออออออออออออออออออออออออออออออออออน[0m
[1;36mบ[0m[0;37m                     Come back soon - node is always open                     [0m[1;36mบ[0m
[1;36mบ[0m[1;32m                             N O   C A R R I E R                              [0m[1;36mบ[0m
[1;36mศออออออออออออออออออออออออออออออออออออออออออออออออออออออออออออออออออออออออออออออผ[0m
[0m
