[1;36mษอออออออออออออออออออออออออออออออออออออออออออออออออออออออออออออออออออออออออป[0m
[1;36mบ[0m[1;97m  D O O R   G A M E S[0m                                                    [1;36mบ[0m
[1;36mศอออออออออออออออออออออออออออออออออออออออออออออออออออออออออออออออออออออออออผ[0m
[32m   Step through into the classics. Pick a game below to launch.[0m
