[1;36mษอออออออออออออออออออออออออออออออออออออออออออออออออออออออออออออออออออออออออป[0m
[1;36mบ[0m[1;37m  E C H O M A I L[0m                                                       [1;36mบ[0m
[1;36mศอออออออออออออออออออออออออออออออออออออออออออออออออออออออออออออออออออออออออผ[0m
[32m   Public discussion areas shared across the FidoNet-style networks.[0m
