[1;36mษอออออออออออออออออออออออออออออออออออออออออออออออออออออออออออออออออออออออออป[0m
[1;36mบ[0m[1;37m  F I L E S[0m                                                             [1;36mบ[0m
[1;36mศอออออออออออออออออออออออออออออออออออออออออออออออออออออออออออออออออออออออออผ[0m
[32m   Browse and download files from the archive below.[0m
