[1;36mษออออออออออออออออออออออออออออออออออออออออออออออออออออออออออออออออออออออออออออออป[0m
[1;36mบ[0m[1;37m              L 3 3 T E S T   G A M I N G   C O L L E C T I V E               [0m[1;36mบ[0m
[1;36mฬออออออออออออออออออออออออออออออออออออออออออออออออออออออออออออออออออออออออออออออน[0m
[1;36mบ[0m[0;37m           Message boards . File base . DoorParty multiplayer doors           [0m[1;36mบ[0m
[1;36mบ[0m[1;32m            Telnet: bbs.l33test.com  //  Web: binkterm.l33test.com            [0m[1;36mบ[0m
[1;36mศออออออออออออออออออออออออออออออออออออออออออออออออออออออออออออออออออออออออออออออผ[0m
[0m
