[0m



[1;36m                            ÛÛÛ   ÛÛÛÛÛÛÛÛÛÛÛ[0m
[1;36m                            ÛÛÛ[0m         [1;36mÜÛÛ฿฿[0m
[1;36m                            ÛÛÛ       ÜÛÛ฿[0m
[1;36m                            ÛÛÛ[0m    [1;36mÛÛ[0m [1;36m฿ÛÛÜÜÜÜ[0m
[1;36m                            ÛÛÛ[0m   [1;36mÛÛ฿[0m    [1;36m฿ÛÛÛ[0m
[1;36m                            ÛÛÛ[0m [1;36mÜÛÛ฿[0m    [1;36mÜÜÛ฿฿[0m
                     [1;36mÜÜÜÜÜ[0m  [1;36mÛÛÛÛÛÛ฿[0m [1;36mÜÜÜÛÛ฿[0m [1;36mÜÜÜÜÜ[0m
      [1;32mW E L C O M E[0m  [1;36mÜÜÜÜÜ[32m  [36m฿฿฿฿฿฿[0m [1;36m฿฿฿฿฿[0m   [1;36mÜÜÜÜÜ[32m  T O  - L 3 3 T E S T -[0m
    [1;36mษออออออออออออออออออออออออออออออออออออออออออออออออออออออออออออออออออออออป[0m
    [1;36mบ[0m                                                                      [1;36mบ[0m
    [1;36mบ[0m   [1;36m[[37mN[36m]etmail (Direct mail - Node/Node)[0m            [1;36m[[37mB[36m]BS Directory[0m     [1;36mบ[0m
    [1;36mบ[0m   [1;36m[[37mE[36m]cho Mail (Mail Networks, Fido, etc)         [[37mL[36m][37m [36mNode List[0m       [1;36mบ[0m
    [1;36mบ[0m   [1;36m[[37mK[36m][0m [1;36mQWK Offline Mail                           [[37mF[36m]iles[0m             [1;36mบ[0m
    [1;36mบ[0m   [1;36m[[37mD[36m]oor Games ([37mBBSLink[36m|[37mDoorParty[36m)[0m               [1;36m[[37mR[36m][0m [1;36mFile Requests[0m   [1;36mบ[0m
    [1;36mบ[0m                                                                      [1;36mบ[0m
    [1;36mศออออออออออออออออออออออออออออออออออออออออออออออออออออออออออออออออออออออผ[0m

[1;36mษออออออออออออออออออออออออออออออออออออออออออออออออออออออออออออออออออออออออออออออปบ[0m [1;36m[[37mW[36m]hos Online  [[37mC[36m] Local Chat [[37mS[36m]houtbox! [[37mU[36m] Bulletins [[37mP[36m]olls  [[37mQ[36m] [33mBye![0m    [1;36mบบ[0m                                                                              [1;36mบศออออออออออออออออออออออออออออออออออออออออออออออออออออออออออออออออออออออออออออออผ