[1;36mษอออออออออออออออออออออออออออออออออออออออออออออออออออออออออออออออออออออออออป[0m
[1;36mบ[0m[1;37m  N E T M A I L[0m                                                         [1;36mบ[0m
[1;36mศอออออออออออออออออออออออออออออออออออออออออออออออออออออออออออออออออออออออออผ[0m
[32m   Direct, private messages between BBS users, node to node.[0m
